------------------------------------------------------------
Timing Analyzer Summary
------------------------------------------------------------

Type  : Setup 'CLK_SDRAM'
Slack : 1.558
TNS   : 0.000

Type  : Setup 'CPU_CLK'
Slack : 14.464
TNS   : 0.000

Type  : Setup 'JTAG_TCK'
Slack : 94.318
TNS   : 0.000

Type  : Hold 'JTAG_TCK'
Slack : 0.378
TNS   : 0.000

Type  : Hold 'CLK_SDRAM'
Slack : 0.408
TNS   : 0.000

Type  : Hold 'CPU_CLK'
Slack : 0.417
TNS   : 0.000

Type  : Recovery 'CLK_SDRAM'
Slack : 5.245
TNS   : 0.000

Type  : Recovery 'CPU_CLK'
Slack : 40.483
TNS   : 0.000

Type  : Removal 'CPU_CLK'
Slack : 1.573
TNS   : 0.000

Type  : Removal 'CLK_SDRAM'
Slack : 2.835
TNS   : 0.000

Type  : Minimum Pulse Width 'CLK_SDRAM'
Slack : 4.709
TNS   : 0.000

Type  : Minimum Pulse Width 'MAX10_CLK2_50'
Slack : 9.844
TNS   : 0.000

Type  : Minimum Pulse Width 'CPU_CLK'
Slack : 24.584
TNS   : 0.000

Type  : Minimum Pulse Width 'JTAG_TCK'
Slack : 99.647
TNS   : 0.000

------------------------------------------------------------
